 codehelper   Act   workspace · openai/gpt-4.1                                                                                                     thread-local 
you: inspect the current implementation, propose one guarded edit, and verify it                                                                                
                                                                                                                                                                
assistant: Inspection is complete. The edit remains bound to the displayed plan.                                                                                
                                                                                                                                                                
✓ read done · internal/host/tui/view.go                                                                                                                         
✗ verify failed · focused test failed                                                                                                                           
                                                                                                                                                                
                                                                                                                                                                
                                                                                                                                                                
                                                                                                                                                                
                                                                                                                                                                
                                                                                                                                                                
                                                                                                                                                                
╭──────────────────────────────────────────────────────────────────────────────────────────────────────────────────────────────────────────────────────────────╮
│ [approval:approval_1 status=pending] file_edit · internal/host/tui/view.go                                                                                   │
│ --- view.go                                                                                                                                                  │
│ +++ view.go                                                                                                                                                  │
│ @@                                                                                                                                                           │
│ -old                                                                                                                                                         │
│ +new                                                                                                                                                         │
│ enter allow · y/n · type always|deny|session · Esc cancel                                                                                                    │
╰──────────────────────────────────────────────────────────────────────────────────────────────────────────────────────────────────────────────────────────────╯
 ! approval needed   posture Auto  ·  thread-local  ·  granular mcp:ask  ·  motion:still
❯ 向 codehelper 提问…  (/help)                                                                                                                                  
❯                                                                                                                                                               
❯                                                                                                                                                               
