context.coding_policy.enabled
context.compact.auto_compact_tokens
context.compact.emergency_tokens
context.compact.fact_max_entities
context.compact.failure_max_entities
context.compact.handle_max_entities
context.compact.mandatory_max_entities
context.compact.max_digest_entries
context.compact.omission_sample_max_entities
context.compact.owner_delta_max_bytes
context.compact.owner_delta_max_segments
context.compact.prepare_tokens
context.compact.recent_tail_max_tokens
context.compact.recent_tail_turns
context.compact.scope
context.compact.semantic_narrative
context.compact.semantic_narrative_item_max_bytes
context.compact.semantic_narrative_max_input_tokens
context.compact.semantic_narrative_max_items
context.compact.semantic_narrative_max_output_tokens
context.compact.semantic_narrative_retry_limit
context.compact.semantic_narrative_timeout
context.compact.summary_max_bytes
context.compact.truth_max_bytes
context.compact.truth_max_entities
context.compact.verified_change_retention_turns
context.evidence.enabled
context.evidence.max_bytes
context.evidence.max_entries
context.index.enabled
context.index.max_file_bytes
context.index.max_files
context.repo_map.enabled
context.repo_map.max_bytes
context.repo_map.max_directories
context.working_set.enabled
context.working_set.max_bytes
context.working_set.max_entries
credential.kind
credential.name
execution.budget_tokens
execution.budget_usd
execution.connection_timeout
execution.idle_timeout
execution.journal.durable
execution.journal.recover_on_start
execution.max_concurrent
execution.max_output_tokens
execution.max_steps
execution.mode
execution.model
execution.native_search
execution.protocol
execution.provider
execution.rate_limit
execution.reasoning_effort
execution.response_header_timeout
execution.subagent.delegation
execution.subagent.max_cost_usd
execution.subagent.max_depth
execution.subagent.max_parallel
execution.subagent.max_resident
execution.subagent.max_steps
execution.subagent.max_tokens
execution.subagent.max_total
execution.subagent.wall_time
execution.subagent.workspace
execution.timeout
execution.tls_handshake_timeout
execution.tools
execution.turn_budget_tokens
execution.verify.command
execution.verify.max_repair_steps
execution.verify.mode
execution.verify.on_failure
execution.verify.scope
execution.verify.timeout
execution.worker.automation_interval
execution.worker.claim_interval
execution.worker.enabled
execution.worker.lease
execution.worker.max_attempts
execution.worker.max_cost_usd
execution.worker.max_parallel
execution.worker.max_tokens
execution.worker.retry_backoff
execution.worker.retry_backoff_max
execution.workspace
memory.enabled
memory.max_candidates
memory.max_prompt_bytes
memory.path
memory.semantic_rerank
runtime.event_history
runtime.operation_buffer
runtime.subscriber_buffer
state.busy_timeout
state.data_dir
state.event_retention
telemetry.log_level
vision.enabled
vision.model
vision.provider
web.search_backend
