context.coding_policy.enabled
context.compact.max_digest_entries
context.compact.max_history_bytes
context.compact.summary_max_bytes
context.evidence.enabled
context.evidence.max_bytes
context.evidence.max_entries
context.index.enabled
context.index.max_file_bytes
context.index.max_files
context.repo_map.enabled
context.repo_map.max_bytes
context.repo_map.max_directories
context.working_set.enabled
context.working_set.max_bytes
context.working_set.max_entries
credential.kind
credential.name
execution.budget_tokens
execution.budget_usd
execution.idle_timeout
execution.journal.durable
execution.journal.recover_on_start
execution.max_concurrent
execution.max_output_tokens
execution.max_steps
execution.mode
execution.model
execution.native_search
execution.protocol
execution.provider
execution.rate_limit
execution.reasoning_effort
execution.subagent.max_cost_usd
execution.subagent.max_depth
execution.subagent.max_parallel
execution.subagent.max_steps
execution.subagent.max_tokens
execution.subagent.wall_time
execution.subagent.workspace
execution.timeout
execution.tools
execution.verify.command
execution.verify.max_repair_steps
execution.verify.mode
execution.verify.on_failure
execution.verify.scope
execution.verify.timeout
execution.worker.automation_interval
execution.worker.claim_interval
execution.worker.enabled
execution.worker.lease
execution.worker.max_attempts
execution.worker.max_cost_usd
execution.worker.max_parallel
execution.worker.max_tokens
execution.worker.retry_backoff
execution.worker.retry_backoff_max
execution.workspace
memory.enabled
memory.path
runtime.event_history
runtime.operation_buffer
runtime.subscriber_buffer
state.busy_timeout
state.data_dir
state.event_retention
telemetry.log_level
vision.enabled
vision.model
vision.provider
web.search_backend
